<html>
<body>
<pre>
<h1>µVision Build Log</h1>
<h2>Tool Versions:</h2>
IDE-Version: ¦ÌVision V5.25.2.0
Copyright (C) 2018 ARM Ltd and ARM Germany GmbH. All rights reserved.
License Information: ÇØ éä,  , LIC=IC9QD-8URRU-MQX0F-6R6FQ-5UIX4-4I4SN
 
Tool Versions:
Toolchain:       MDK-ARM Professional  Version: 5.25.2.0
Toolchain Path:  D:\Keil5\keil5forstm32\ARM\ARMCC\Bin
C Compiler:      Armcc.exe V5.06 update 6 (build 750)
Assembler:       Armasm.exe V5.06 update 6 (build 750)
Linker/Locator:  ArmLink.exe V5.06 update 6 (build 750)
Library Manager: ArmAr.exe V5.06 update 6 (build 750)
Hex Converter:   FromElf.exe V5.06 update 6 (build 750)
CPU DLL:         SARMCM3.DLL V5.25.2.0
Dialog DLL:      DCM.DLL V1.17.1.0
Target DLL:      CMSIS_AGDI.dll V1.29.10.0
Dialog DLL:      TCM.DLL V1.35.1.0
 
<h2>Project:</h2>
C:\Users\ÇØéä\Desktop\H\ÖÐ¶Ï\Project\RVMDK£¨uv5£©\BH-F407.uvprojx
Project File Date:  09/04/2019

<h2>Output:</h2>
*** Using Compiler 'V5.06 update 6 (build 750)', folder: 'D:\Keil5\keil5forstm32\ARM\ARMCC\Bin'
Build target '¶à²ÊÁ÷Ë®µÆ'
compiling bsp_exti.c...
..\..\User\EXTI\bsp_exti.h(40): warning:  #1295-D: Deprecated declaration EXTI_Key_Config - give arg types
  void EXTI_Key_Config();
..\..\User\EXTI\bsp_exti.c: 1 warning, 0 errors
compiling main.c...
..\..\User\EXTI\bsp_exti.h(40): warning:  #1295-D: Deprecated declaration EXTI_Key_Config - give arg types
  void EXTI_Key_Config();
..\..\User\main.c: 1 warning, 0 errors
linking...
Program Size: Code=1324 RO-data=408 RW-data=0 ZI-data=1024  
FromELF: creating hex file...
"..\..\Output\Template.axf" - 0 Error(s), 2 Warning(s).

<h2>Software Packages used:</h2>

Package Vendor: Keil
                http://www.keil.com/pack/Keil.STM32F4xx_DFP.2.5.0.pack
                Keil.STM32F4xx_DFP.2.5.0
                STMicroelectronics STM32F4 Series Device Support, Drivers and Examples

<h2>Collection of Component include folders:</h2>
  .\RTE\___________
  D:\Keil5\keil5forstm32\PACK\Keil\STM32F4xx_DFP\2.5.0\Drivers\CMSIS\Device\ST\STM32F4xx\Include

<h2>Collection of Component Files used:</h2>
Build Time Elapsed:  00:00:02
</pre>
</body>
</html>
